
> parfumsdefoda@0.1.0 dev
> next dev

▲ Next.js 16.2.10 (Turbopack)
- Local:         http://localhost:60198
- Network:       http://192.168.56.1:60198
- Environments: .env.development.local, .env.local, .env
✓ Ready in 594ms

 GET / 200 in 1048ms (next.js: 200ms, application-code: 848ms)
 GET / 200 in 397ms (next.js: 3ms, application-code: 394ms)
 GET / 200 in 851ms (next.js: 2ms, application-code: 848ms)
✓ Compiled in 115ms
✓ Compiled in 97ms
 GET / 200 in 178ms (next.js: 53ms, application-code: 124ms)
 GET / 200 in 66ms (next.js: 14ms, application-code: 52ms)
✓ Compiled in 62ms
 GET / 200 in 119ms (next.js: 47ms, application-code: 72ms)
 GET / 200 in 563ms (next.js: 2ms, application-code: 560ms)
 GET /product/pf040 200 in 1149ms (next.js: 1012ms, generate-params: 395ms, application-code: 137ms)
 GET / 200 in 492ms (next.js: 2ms, application-code: 490ms)
✓ Compiled in 72ms
 GET / 200 in 186ms (next.js: 92ms, application-code: 94ms)
 GET /product/pf040 200 in 261ms (next.js: 44ms, generate-params: 9ms, application-code: 217ms)
 GET / 200 in 719ms (next.js: 4ms, application-code: 715ms)
 GET / 200 in 571ms (next.js: 3ms, application-code: 568ms)
✓ Compiled in 100ms
 GET / 200 in 256ms (next.js: 112ms, application-code: 144ms)
✓ Compiled in 99ms
 GET / 200 in 265ms (next.js: 123ms, application-code: 142ms)
✓ Compiled in 84ms
 GET / 200 in 262ms (next.js: 125ms, application-code: 137ms)
 GET / 200 in 724ms (next.js: 3ms, application-code: 721ms)
 GET / 200 in 546ms (next.js: 4ms, application-code: 542ms)
 GET / 200 in 659ms (next.js: 3ms, application-code: 656ms)
[?25h
